---
source: workspaces/diff-engine/src/events/spec_chunk.rs
expression: missing_batch_start_result.unwrap_err().0
---
"Chunk does not start with a BatchCommitStarted event"
